Archive member included to satisfy reference by file (symbol)

d:/project/stm32/eclipse/stm32cubeide_1.7.0/stm32cubeide/plugins/com.st.stm32cube.ide.mcu.externaltools.gnu-tools-for-stm32.9-2020-q2-update.win32_2.0.0.202105311346/tools/bin/../lib/gcc/arm-none-eabi/9.3.1/../../../../arm-none-eabi/lib/thumb/v7e-m+fp/hard\libc_nano.a(lib_a-errno.o)
                              ./Core/Src/syscalls.o (__errno)
d:/project/stm32/eclipse/stm32cubeide_1.7.0/stm32cubeide/plugins/com.st.stm32cube.ide.mcu.externaltools.gnu-tools-for-stm32.9-2020-q2-update.win32_2.0.0.202105311346/tools/bin/../lib/gcc/arm-none-eabi/9.3.1/../../../../arm-none-eabi/lib/thumb/v7e-m+fp/hard\libc_nano.a(lib_a-exit.o)
                              d:/project/stm32/eclipse/stm32cubeide_1.7.0/stm32cubeide/plugins/com.st.stm32cube.ide.mcu.externaltools.gnu-tools-for-stm32.9-2020-q2-update.win32_2.0.0.202105311346/tools/bin/../lib/gcc/arm-none-eabi/9.3.1/../../../../arm-none-eabi/lib/thumb/v7e-m+fp/hard/crt0.o (exit)
d:/project/stm32/eclipse/stm32cubeide_1.7.0/stm32cubeide/plugins/com.st.stm32cube.ide.mcu.externaltools.gnu-tools-for-stm32.9-2020-q2-update.win32_2.0.0.202105311346/tools/bin/../lib/gcc/arm-none-eabi/9.3.1/../../../../arm-none-eabi/lib/thumb/v7e-m+fp/hard\libc_nano.a(lib_a-impure.o)
                              d:/project/stm32/eclipse/stm32cubeide_1.7.0/stm32cubeide/plugins/com.st.stm32cube.ide.mcu.externaltools.gnu-tools-for-stm32.9-2020-q2-update.win32_2.0.0.202105311346/tools/bin/../lib/gcc/arm-none-eabi/9.3.1/../../../../arm-none-eabi/lib/thumb/v7e-m+fp/hard\libc_nano.a(lib_a-exit.o) (_global_impure_ptr)
d:/project/stm32/eclipse/stm32cubeide_1.7.0/stm32cubeide/plugins/com.st.stm32cube.ide.mcu.externaltools.gnu-tools-for-stm32.9-2020-q2-update.win32_2.0.0.202105311346/tools/bin/../lib/gcc/arm-none-eabi/9.3.1/../../../../arm-none-eabi/lib/thumb/v7e-m+fp/hard\libc_nano.a(lib_a-init.o)
                              d:/project/stm32/eclipse/stm32cubeide_1.7.0/stm32cubeide/plugins/com.st.stm32cube.ide.mcu.externaltools.gnu-tools-for-stm32.9-2020-q2-update.win32_2.0.0.202105311346/tools/bin/../lib/gcc/arm-none-eabi/9.3.1/../../../../arm-none-eabi/lib/thumb/v7e-m+fp/hard/crt0.o (__libc_init_array)
d:/project/stm32/eclipse/stm32cubeide_1.7.0/stm32cubeide/plugins/com.st.stm32cube.ide.mcu.externaltools.gnu-tools-for-stm32.9-2020-q2-update.win32_2.0.0.202105311346/tools/bin/../lib/gcc/arm-none-eabi/9.3.1/../../../../arm-none-eabi/lib/thumb/v7e-m+fp/hard\libc_nano.a(lib_a-memcpy-stub.o)
                              ./FreeRTOS/Source/queue.o (memcpy)
d:/project/stm32/eclipse/stm32cubeide_1.7.0/stm32cubeide/plugins/com.st.stm32cube.ide.mcu.externaltools.gnu-tools-for-stm32.9-2020-q2-update.win32_2.0.0.202105311346/tools/bin/../lib/gcc/arm-none-eabi/9.3.1/../../../../arm-none-eabi/lib/thumb/v7e-m+fp/hard\libc_nano.a(lib_a-memset.o)
                              d:/project/stm32/eclipse/stm32cubeide_1.7.0/stm32cubeide/plugins/com.st.stm32cube.ide.mcu.externaltools.gnu-tools-for-stm32.9-2020-q2-update.win32_2.0.0.202105311346/tools/bin/../lib/gcc/arm-none-eabi/9.3.1/../../../../arm-none-eabi/lib/thumb/v7e-m+fp/hard/crt0.o (memset)
d:/project/stm32/eclipse/stm32cubeide_1.7.0/stm32cubeide/plugins/com.st.stm32cube.ide.mcu.externaltools.gnu-tools-for-stm32.9-2020-q2-update.win32_2.0.0.202105311346/tools/bin/../lib/gcc/arm-none-eabi/9.3.1/thumb/v7e-m+fp/hard\libgcc.a(_aeabi_uldivmod.o)
                              ./Drivers/STM32L4xx_HAL_Driver/Src/stm32l4xx_hal_uart.o (__aeabi_uldivmod)
d:/project/stm32/eclipse/stm32cubeide_1.7.0/stm32cubeide/plugins/com.st.stm32cube.ide.mcu.externaltools.gnu-tools-for-stm32.9-2020-q2-update.win32_2.0.0.202105311346/tools/bin/../lib/gcc/arm-none-eabi/9.3.1/thumb/v7e-m+fp/hard\libgcc.a(_udivmoddi4.o)
                              d:/project/stm32/eclipse/stm32cubeide_1.7.0/stm32cubeide/plugins/com.st.stm32cube.ide.mcu.externaltools.gnu-tools-for-stm32.9-2020-q2-update.win32_2.0.0.202105311346/tools/bin/../lib/gcc/arm-none-eabi/9.3.1/thumb/v7e-m+fp/hard\libgcc.a(_aeabi_uldivmod.o) (__udivmoddi4)
d:/project/stm32/eclipse/stm32cubeide_1.7.0/stm32cubeide/plugins/com.st.stm32cube.ide.mcu.externaltools.gnu-tools-for-stm32.9-2020-q2-update.win32_2.0.0.202105311346/tools/bin/../lib/gcc/arm-none-eabi/9.3.1/thumb/v7e-m+fp/hard\libgcc.a(_dvmd_tls.o)
                              d:/project/stm32/eclipse/stm32cubeide_1.7.0/stm32cubeide/plugins/com.st.stm32cube.ide.mcu.externaltools.gnu-tools-for-stm32.9-2020-q2-update.win32_2.0.0.202105311346/tools/bin/../lib/gcc/arm-none-eabi/9.3.1/thumb/v7e-m+fp/hard\libgcc.a(_aeabi_uldivmod.o) (__aeabi_ldiv0)

Allocating common symbols
Common symbol       size              file

uwTick              0x4               ./Drivers/STM32L4xx_HAL_Driver/Src/stm32l4xx_hal.o
xQueueRegistry      0x40              ./FreeRTOS/Source/queue.o
huart2              0x84              ./Core/Src/main.o

Discarded input sections

[...]
Memory Configuration

Name             Origin             Length             Attributes
RAM              0x0000000020000000 0x0000000000018000 xrw
RAM2             0x0000000010000000 0x0000000000008000 xrw
FLASH            0x0000000008000000 0x0000000000100000 xr
*default*        0x0000000000000000 0xffffffffffffffff

Linker script and memory map

LOAD d:/project/stm32/eclipse/stm32cubeide_1.7.0/stm32cubeide/plugins/com.st.stm32cube.ide.mcu.externaltools.gnu-tools-for-stm32.9-2020-q2-update.win32_2.0.0.202105311346/tools/bin/../lib/gcc/arm-none-eabi/9.3.1/thumb/v7e-m+fp/hard/crti.o
LOAD d:/project/stm32/eclipse/stm32cubeide_1.7.0/stm32cubeide/plugins/com.st.stm32cube.ide.mcu.externaltools.gnu-tools-for-stm32.9-2020-q2-update.win32_2.0.0.202105311346/tools/bin/../lib/gcc/arm-none-eabi/9.3.1/thumb/v7e-m+fp/hard/crtbegin.o
LOAD d:/project/stm32/eclipse/stm32cubeide_1.7.0/stm32cubeide/plugins/com.st.stm32cube.ide.mcu.externaltools.gnu-tools-for-stm32.9-2020-q2-update.win32_2.0.0.202105311346/tools/bin/../lib/gcc/arm-none-eabi/9.3.1/../../../../arm-none-eabi/lib/thumb/v7e-m+fp/hard/crt0.o
LOAD ./Core/Src/main.o
LOAD ./Core/Src/stm32l4xx_hal_msp.o
LOAD ./Core/Src/stm32l4xx_it.o
LOAD ./Core/Src/syscalls.o
LOAD ./Core/Src/sysmem.o
LOAD ./Core/Src/system_stm32l4xx.o
LOAD ./Core/Startup/startup_stm32l476rgtx.o
LOAD ./Drivers/STM32L4xx_HAL_Driver/Src/stm32l4xx_hal.o
LOAD ./Drivers/STM32L4xx_HAL_Driver/Src/stm32l4xx_hal_cortex.o
LOAD ./Drivers/STM32L4xx_HAL_Driver/Src/stm32l4xx_hal_dma.o
LOAD ./Drivers/STM32L4xx_HAL_Driver/Src/stm32l4xx_hal_dma_ex.o
LOAD ./Drivers/STM32L4xx_HAL_Driver/Src/stm32l4xx_hal_exti.o
LOAD ./Drivers/STM32L4xx_HAL_Driver/Src/stm32l4xx_hal_flash.o
LOAD ./Drivers/STM32L4xx_HAL_Driver/Src/stm32l4xx_hal_flash_ex.o
LOAD ./Drivers/STM32L4xx_HAL_Driver/Src/stm32l4xx_hal_flash_ramfunc.o
LOAD ./Drivers/STM32L4xx_HAL_Driver/Src/stm32l4xx_hal_gpio.o
LOAD ./Drivers/STM32L4xx_HAL_Driver/Src/stm32l4xx_hal_i2c.o
LOAD ./Drivers/STM32L4xx_HAL_Driver/Src/stm32l4xx_hal_i2c_ex.o
LOAD ./Drivers/STM32L4xx_HAL_Driver/Src/stm32l4xx_hal_pwr.o
LOAD ./Drivers/STM32L4xx_HAL_Driver/Src/stm32l4xx_hal_pwr_ex.o
LOAD ./Drivers/STM32L4xx_HAL_Driver/Src/stm32l4xx_hal_rcc.o
LOAD ./Drivers/STM32L4xx_HAL_Driver/Src/stm32l4xx_hal_rcc_ex.o
LOAD ./Drivers/STM32L4xx_HAL_Driver/Src/stm32l4xx_hal_tim.o
LOAD ./Drivers/STM32L4xx_HAL_Driver/Src/stm32l4xx_hal_tim_ex.o
LOAD ./Drivers/STM32L4xx_HAL_Driver/Src/stm32l4xx_hal_uart.o
LOAD ./Drivers/STM32L4xx_HAL_Driver/Src/stm32l4xx_hal_uart_ex.o
LOAD ./FreeRTOS/Source/croutine.o
LOAD ./FreeRTOS/Source/event_groups.o
LOAD ./FreeRTOS/Source/list.o
LOAD ./FreeRTOS/Source/queue.o
LOAD ./FreeRTOS/Source/stream_buffer.o
LOAD ./FreeRTOS/Source/tasks.o
LOAD ./FreeRTOS/Source/timers.o
LOAD ./FreeRTOS/Source/portable/GCC/ARM_CM4F/port.o
LOAD ./FreeRTOS/Source/portable/MemMang/heap_4.o
START GROUP
LOAD d:/project/stm32/eclipse/stm32cubeide_1.7.0/stm32cubeide/plugins/com.st.stm32cube.ide.mcu.externaltools.gnu-tools-for-stm32.9-2020-q2-update.win32_2.0.0.202105311346/tools/bin/../lib/gcc/arm-none-eabi/9.3.1/../../../../arm-none-eabi/lib/thumb/v7e-m+fp/hard\libc_nano.a
LOAD d:/project/stm32/eclipse/stm32cubeide_1.7.0/stm32cubeide/plugins/com.st.stm32cube.ide.mcu.externaltools.gnu-tools-for-stm32.9-2020-q2-update.win32_2.0.0.202105311346/tools/bin/../lib/gcc/arm-none-eabi/9.3.1/../../../../arm-none-eabi/lib/thumb/v7e-m+fp/hard\libm.a
END GROUP
START GROUP
LOAD d:/project/stm32/eclipse/stm32cubeide_1.7.0/stm32cubeide/plugins/com.st.stm32cube.ide.mcu.externaltools.gnu-tools-for-stm32.9-2020-q2-update.win32_2.0.0.202105311346/tools/bin/../lib/gcc/arm-none-eabi/9.3.1/thumb/v7e-m+fp/hard\libgcc.a
LOAD d:/project/stm32/eclipse/stm32cubeide_1.7.0/stm32cubeide/plugins/com.st.stm32cube.ide.mcu.externaltools.gnu-tools-for-stm32.9-2020-q2-update.win32_2.0.0.202105311346/tools/bin/../lib/gcc/arm-none-eabi/9.3.1/../../../../arm-none-eabi/lib/thumb/v7e-m+fp/hard\libc_nano.a
END GROUP
START GROUP
LOAD d:/project/stm32/eclipse/stm32cubeide_1.7.0/stm32cubeide/plugins/com.st.stm32cube.ide.mcu.externaltools.gnu-tools-for-stm32.9-2020-q2-update.win32_2.0.0.202105311346/tools/bin/../lib/gcc/arm-none-eabi/9.3.1/thumb/v7e-m+fp/hard\libgcc.a
LOAD d:/project/stm32/eclipse/stm32cubeide_1.7.0/stm32cubeide/plugins/com.st.stm32cube.ide.mcu.externaltools.gnu-tools-for-stm32.9-2020-q2-update.win32_2.0.0.202105311346/tools/bin/../lib/gcc/arm-none-eabi/9.3.1/../../../../arm-none-eabi/lib/thumb/v7e-m+fp/hard\libc_nano.a
LOAD d:/project/stm32/eclipse/stm32cubeide_1.7.0/stm32cubeide/plugins/com.st.stm32cube.ide.mcu.externaltools.gnu-tools-for-stm32.9-2020-q2-update.win32_2.0.0.202105311346/tools/bin/../lib/gcc/arm-none-eabi/9.3.1/../../../../arm-none-eabi/lib/thumb/v7e-m+fp/hard\libnosys.a
END GROUP
START GROUP
LOAD d:/project/stm32/eclipse/stm32cubeide_1.7.0/stm32cubeide/plugins/com.st.stm32cube.ide.mcu.externaltools.gnu-tools-for-stm32.9-2020-q2-update.win32_2.0.0.202105311346/tools/bin/../lib/gcc/arm-none-eabi/9.3.1/thumb/v7e-m+fp/hard\libgcc.a
LOAD d:/project/stm32/eclipse/stm32cubeide_1.7.0/stm32cubeide/plugins/com.st.stm32cube.ide.mcu.externaltools.gnu-tools-for-stm32.9-2020-q2-update.win32_2.0.0.202105311346/tools/bin/../lib/gcc/arm-none-eabi/9.3.1/../../../../arm-none-eabi/lib/thumb/v7e-m+fp/hard\libc_nano.a
LOAD d:/project/stm32/eclipse/stm32cubeide_1.7.0/stm32cubeide/plugins/com.st.stm32cube.ide.mcu.externaltools.gnu-tools-for-stm32.9-2020-q2-update.win32_2.0.0.202105311346/tools/bin/../lib/gcc/arm-none-eabi/9.3.1/../../../../arm-none-eabi/lib/thumb/v7e-m+fp/hard\libnosys.a
END GROUP
LOAD d:/project/stm32/eclipse/stm32cubeide_1.7.0/stm32cubeide/plugins/com.st.stm32cube.ide.mcu.externaltools.gnu-tools-for-stm32.9-2020-q2-update.win32_2.0.0.202105311346/tools/bin/../lib/gcc/arm-none-eabi/9.3.1/thumb/v7e-m+fp/hard/crtend.o
LOAD d:/project/stm32/eclipse/stm32cubeide_1.7.0/stm32cubeide/plugins/com.st.stm32cube.ide.mcu.externaltools.gnu-tools-for-stm32.9-2020-q2-update.win32_2.0.0.202105311346/tools/bin/../lib/gcc/arm-none-eabi/9.3.1/thumb/v7e-m+fp/hard/crtn.o
                0x0000000020018000                _estack = (ORIGIN (RAM) + LENGTH (RAM))
                0x0000000000000200                _Min_Heap_Size = 0x200
                0x0000000000000400                _Min_Stack_Size = 0x400

.isr_vector     0x0000000008000000      0x188
                0x0000000008000000                . = ALIGN (0x4)
 *(.isr_vector)
 .isr_vector    0x0000000008000000      0x188 ./Core/Startup/startup_stm32l476rgtx.o
                0x0000000008000000                g_pfnVectors
                0x0000000008000188                . = ALIGN (0x4)

.text           0x0000000008000190     0x52cc
                0x0000000008000190                . = ALIGN (0x4)
 *(.text)
 .text          0x0000000008000190       0x40 d:/project/stm32/eclipse/stm32cubeide_1.7.0/stm32cubeide/plugins/com.st.stm32cube.ide.mcu.externaltools.gnu-tools-for-stm32.9-2020-q2-update.win32_2.0.0.202105311346/tools/bin/../lib/gcc/arm-none-eabi/9.3.1/thumb/v7e-m+fp/hard/crtbegin.o
 .text          0x00000000080001d0       0x30 d:/project/stm32/eclipse/stm32cubeide_1.7.0/stm32cubeide/plugins/com.st.stm32cube.ide.mcu.externaltools.gnu-tools-for-stm32.9-2020-q2-update.win32_2.0.0.202105311346/tools/bin/../lib/gcc/arm-none-eabi/9.3.1/thumb/v7e-m+fp/hard\libgcc.a(_aeabi_uldivmod.o)
                0x00000000080001d0                __aeabi_uldivmod
 .text          0x0000000008000200      0x2c4 d:/project/stm32/eclipse/stm32cubeide_1.7.0/stm32cubeide/plugins/com.st.stm32cube.ide.mcu.externaltools.gnu-tools-for-stm32.9-2020-q2-update.win32_2.0.0.202105311346/tools/bin/../lib/gcc/arm-none-eabi/9.3.1/thumb/v7e-m+fp/hard\libgcc.a(_udivmoddi4.o)
                0x0000000008000200                __udivmoddi4
 .text          0x00000000080004c4        0x4 d:/project/stm32/eclipse/stm32cubeide_1.7.0/stm32cubeide/plugins/com.st.stm32cube.ide.mcu.externaltools.gnu-tools-for-stm32.9-2020-q2-update.win32_2.0.0.202105311346/tools/bin/../lib/gcc/arm-none-eabi/9.3.1/thumb/v7e-m+fp/hard\libgcc.a(_dvmd_tls.o)
                0x00000000080004c4                __aeabi_idiv0
                0x00000000080004c4                __aeabi_ldiv0
 *(.text*)
 .text.vApplicationMallocFailedHook
                0x00000000080004c8       0x1c ./Core/Src/main.o
                0x00000000080004c8                vApplicationMallocFailedHook
 .text.vApplicationStackOverflowHook
                0x00000000080004e4        0xc ./Core/Src/main.o
                0x00000000080004e4                vApplicationStackOverflowHook
 .text.Blink1_Task
                0x00000000080004f0       0x2a ./Core/Src/main.o
 .text.Blink2_Task
                0x000000000800051a       0x2a ./Core/Src/main.o
 .text.main     0x0000000008000544       0x54 ./Core/Src/main.o
                0x0000000008000544                main
 .text.SystemClock_Config
                0x0000000008000598       0xa2 ./Core/Src/main.o
                0x0000000008000598                SystemClock_Config
 *fill*         0x000000000800063a        0x2 
 .text.MX_USART2_UART_Init
                0x000000000800063c       0x60 ./Core/Src/main.o
 .text.MX_GPIO_Init
                0x000000000800069c       0xcc ./Core/Src/main.o
 .text.Error_Handler
                0x0000000008000768        0xa ./Core/Src/main.o
                0x0000000008000768                Error_Handler
 *fill*         0x0000000008000772        0x2 
 .text.HAL_MspInit
                0x0000000008000774       0x48 ./Core/Src/stm32l4xx_hal_msp.o
                0x0000000008000774                HAL_MspInit
 .text.HAL_UART_MspInit
                0x00000000080007bc       0xb8 ./Core/Src/stm32l4xx_hal_msp.o
                0x00000000080007bc                HAL_UART_MspInit
 .text.NMI_Handler
                0x0000000008000874        0x6 ./Core/Src/stm32l4xx_it.o
                0x0000000008000874                NMI_Handler
 .text.HardFault_Handler
                0x000000000800087a        0x6 ./Core/Src/stm32l4xx_it.o
                0x000000000800087a                HardFault_Handler
 .text.MemManage_Handler
                0x0000000008000880        0x6 ./Core/Src/stm32l4xx_it.o
                0x0000000008000880                MemManage_Handler
 .text.BusFault_Handler
                0x0000000008000886        0x6 ./Core/Src/stm32l4xx_it.o
                0x0000000008000886                BusFault_Handler
 .text.UsageFault_Handler
                0x000000000800088c        0x6 ./Core/Src/stm32l4xx_it.o
                0x000000000800088c                UsageFault_Handler
 .text.DebugMon_Handler
                0x0000000008000892        0xe ./Core/Src/stm32l4xx_it.o
                0x0000000008000892                DebugMon_Handler
 .text.EXTI15_10_IRQHandler
                0x00000000080008a0       0x18 ./Core/Src/stm32l4xx_it.o
                0x00000000080008a0                EXTI15_10_IRQHandler
 .text.SystemInit
                0x00000000080008b8       0x24 ./Core/Src/system_stm32l4xx.o
                0x00000000080008b8                SystemInit
 .text.Reset_Handler
                0x00000000080008dc       0x50 ./Core/Startup/startup_stm32l476rgtx.o
                0x00000000080008dc                Reset_Handler
 .text.Default_Handler
                0x000000000800092c        0x2 ./Core/Startup/startup_stm32l476rgtx.o
                0x000000000800092c                RTC_Alarm_IRQHandler
                0x000000000800092c                EXTI2_IRQHandler
                0x000000000800092c                TIM8_TRG_COM_IRQHandler
                0x000000000800092c                TIM8_CC_IRQHandler
                0x000000000800092c                TIM1_CC_IRQHandler
                0x000000000800092c                TSC_IRQHandler
                0x000000000800092c                TAMP_STAMP_IRQHandler
                0x000000000800092c                EXTI3_IRQHandler
                0x000000000800092c                LPTIM2_IRQHandler
                0x000000000800092c                DFSDM1_FLT1_IRQHandler
                0x000000000800092c                I2C3_ER_IRQHandler
                0x000000000800092c                DFSDM1_FLT2_IRQHandler
                0x000000000800092c                EXTI0_IRQHandler
                0x000000000800092c                I2C2_EV_IRQHandler
                0x000000000800092c                CAN1_RX0_IRQHandler
                0x000000000800092c                FPU_IRQHandler
                0x000000000800092c                TIM1_UP_TIM16_IRQHandler
                0x000000000800092c                ADC1_2_IRQHandler
                0x000000000800092c                SPI1_IRQHandler
                0x000000000800092c                TIM6_DAC_IRQHandler
                0x000000000800092c                TIM8_UP_IRQHandler
                0x000000000800092c                DMA2_Channel2_IRQHandler
                0x000000000800092c                DMA1_Channel4_IRQHandler
                0x000000000800092c                SAI2_IRQHandler
                0x000000000800092c                DFSDM1_FLT3_IRQHandler
                0x000000000800092c                USART3_IRQHandler
                0x000000000800092c                DMA1_Channel7_IRQHandler
                0x000000000800092c                CAN1_RX1_IRQHandler
                0x000000000800092c                LCD_IRQHandler
                0x000000000800092c                UART5_IRQHandler
                0x000000000800092c                ADC3_IRQHandler
                0x000000000800092c                TIM4_IRQHandler
                0x000000000800092c                DMA2_Channel1_IRQHandler
                0x000000000800092c                QUADSPI_IRQHandler
                0x000000000800092c                I2C1_EV_IRQHandler
                0x000000000800092c                DMA1_Channel6_IRQHandler
                0x000000000800092c                UART4_IRQHandler
                0x000000000800092c                DMA2_Channel4_IRQHandler
                0x000000000800092c                TIM3_IRQHandler
                0x000000000800092c                RCC_IRQHandler
                0x000000000800092c                DMA1_Channel1_IRQHandler
                0x000000000800092c                Default_Handler
                0x000000000800092c                DMA2_Channel7_IRQHandler
                0x000000000800092c                TIM7_IRQHandler
                0x000000000800092c                SDMMC1_IRQHandler
                0x000000000800092c                TIM5_IRQHandler
                0x000000000800092c                I2C3_EV_IRQHandler
                0x000000000800092c                EXTI9_5_IRQHandler
                0x000000000800092c                RTC_WKUP_IRQHandler
                0x000000000800092c                PVD_PVM_IRQHandler
                0x000000000800092c                SPI2_IRQHandler
                0x000000000800092c                CAN1_TX_IRQHandler
                0x000000000800092c                DMA2_Channel5_IRQHandler
                0x000000000800092c                DMA1_Channel5_IRQHandler
                0x000000000800092c                EXTI4_IRQHandler
                0x000000000800092c                RNG_IRQHandler
                0x000000000800092c                TIM1_TRG_COM_TIM17_IRQHandler
                0x000000000800092c                DMA1_Channel3_IRQHandler
                0x000000000800092c                COMP_IRQHandler
                0x000000000800092c                WWDG_IRQHandler
                0x000000000800092c                LPUART1_IRQHandler
                0x000000000800092c                DMA2_Channel6_IRQHandler
                0x000000000800092c                TIM2_IRQHandler
                0x000000000800092c                EXTI1_IRQHandler
                0x000000000800092c                USART2_IRQHandler
                0x000000000800092c                DFSDM1_FLT0_IRQHandler
                0x000000000800092c                I2C2_ER_IRQHandler
                0x000000000800092c                DMA1_Channel2_IRQHandler
                0x000000000800092c                TIM8_BRK_IRQHandler
                0x000000000800092c                CAN1_SCE_IRQHandler
                0x000000000800092c                FLASH_IRQHandler
                0x000000000800092c                USART1_IRQHandler
                0x000000000800092c                OTG_FS_IRQHandler
                0x000000000800092c                SPI3_IRQHandler
                0x000000000800092c                I2C1_ER_IRQHandler
                0x000000000800092c                FMC_IRQHandler
                0x000000000800092c                SWPMI1_IRQHandler
                0x000000000800092c                LPTIM1_IRQHandler
                0x000000000800092c                SAI1_IRQHandler
                0x000000000800092c                DMA2_Channel3_IRQHandler
                0x000000000800092c                TIM1_BRK_TIM15_IRQHandler
 *fill*         0x000000000800092e        0x2 
 .text.HAL_Init
                0x0000000008000930       0x40 ./Drivers/STM32L4xx_HAL_Driver/Src/stm32l4xx_hal.o
                0x0000000008000930                HAL_Init
 .text.HAL_InitTick
                0x0000000008000970       0x78 ./Drivers/STM32L4xx_HAL_Driver/Src/stm32l4xx_hal.o
                0x0000000008000970                HAL_InitTick
 .text.HAL_GetTick
                0x00000000080009e8       0x18 ./Drivers/STM32L4xx_HAL_Driver/Src/stm32l4xx_hal.o
                0x00000000080009e8                HAL_GetTick
 .text.__NVIC_SetPriorityGrouping
                0x0000000008000a00       0x48 ./Drivers/STM32L4xx_HAL_Driver/Src/stm32l4xx_hal_cortex.o
 .text.__NVIC_GetPriorityGrouping
                0x0000000008000a48       0x1c ./Drivers/STM32L4xx_HAL_Driver/Src/stm32l4xx_hal_cortex.o
 .text.__NVIC_EnableIRQ
                0x0000000008000a64       0x3c ./Drivers/STM32L4xx_HAL_Driver/Src/stm32l4xx_hal_cortex.o
 .text.__NVIC_SetPriority
                0x0000000008000aa0       0x54 ./Drivers/STM32L4xx_HAL_Driver/Src/stm32l4xx_hal_cortex.o
 .text.NVIC_EncodePriority
                0x0000000008000af4       0x66 ./Drivers/STM32L4xx_HAL_Driver/Src/stm32l4xx_hal_cortex.o
 *fill*         0x0000000008000b5a        0x2 
 .text.SysTick_Config
                0x0000000008000b5c       0x44 ./Drivers/STM32L4xx_HAL_Driver/Src/stm32l4xx_hal_cortex.o
 .text.HAL_NVIC_SetPriorityGrouping
                0x0000000008000ba0       0x16 ./Drivers/STM32L4xx_HAL_Driver/Src/stm32l4xx_hal_cortex.o
                0x0000000008000ba0                HAL_NVIC_SetPriorityGrouping
 .text.HAL_NVIC_SetPriority
                0x0000000008000bb6       0x38 ./Drivers/STM32L4xx_HAL_Driver/Src/stm32l4xx_hal_cortex.o
                0x0000000008000bb6                HAL_NVIC_SetPriority
 .text.HAL_NVIC_EnableIRQ
                0x0000000008000bee       0x1c ./Drivers/STM32L4xx_HAL_Driver/Src/stm32l4xx_hal_cortex.o
                0x0000000008000bee                HAL_NVIC_EnableIRQ
 .text.HAL_SYSTICK_Config
                0x0000000008000c0a       0x18 ./Drivers/STM32L4xx_HAL_Driver/Src/stm32l4xx_hal_cortex.o
                0x0000000008000c0a                HAL_SYSTICK_Config
 *fill*         0x0000000008000c22        0x2 
 .text.HAL_GPIO_Init
                0x0000000008000c24      0x354 ./Drivers/STM32L4xx_HAL_Driver/Src/stm32l4xx_hal_gpio.o
                0x0000000008000c24                HAL_GPIO_Init
 .text.HAL_GPIO_WritePin
                0x0000000008000f78       0x30 ./Drivers/STM32L4xx_HAL_Driver/Src/stm32l4xx_hal_gpio.o
                0x0000000008000f78                HAL_GPIO_WritePin
 .text.HAL_GPIO_TogglePin
                0x0000000008000fa8       0x34 ./Drivers/STM32L4xx_HAL_Driver/Src/stm32l4xx_hal_gpio.o
                0x0000000008000fa8                HAL_GPIO_TogglePin
 .text.HAL_GPIO_EXTI_IRQHandler
                0x0000000008000fdc       0x30 ./Drivers/STM32L4xx_HAL_Driver/Src/stm32l4xx_hal_gpio.o
                0x0000000008000fdc                HAL_GPIO_EXTI_IRQHandler
 .text.HAL_GPIO_EXTI_Callback
                0x000000000800100c       0x16 ./Drivers/STM32L4xx_HAL_Driver/Src/stm32l4xx_hal_gpio.o
                0x000000000800100c                HAL_GPIO_EXTI_Callback
 *fill*         0x0000000008001022        0x2 
 .text.HAL_PWREx_GetVoltageRange
                0x0000000008001024       0x1c ./Drivers/STM32L4xx_HAL_Driver/Src/stm32l4xx_hal_pwr_ex.o
                0x0000000008001024                HAL_PWREx_GetVoltageRange
 .text.HAL_PWREx_ControlVoltageScaling
                0x0000000008001040       0xac ./Drivers/STM32L4xx_HAL_Driver/Src/stm32l4xx_hal_pwr_ex.o
                0x0000000008001040                HAL_PWREx_ControlVoltageScaling
 .text.HAL_RCC_OscConfig
                0x00000000080010ec      0x7b4 ./Drivers/STM32L4xx_HAL_Driver/Src/stm32l4xx_hal_rcc.o
                0x00000000080010ec                HAL_RCC_OscConfig
 .text.HAL_RCC_ClockConfig
                0x00000000080018a0      0x200 ./Drivers/STM32L4xx_HAL_Driver/Src/stm32l4xx_hal_rcc.o
                0x00000000080018a0                HAL_RCC_ClockConfig
 .text.HAL_RCC_GetSysClockFreq
                0x0000000008001aa0      0x118 ./Drivers/STM32L4xx_HAL_Driver/Src/stm32l4xx_hal_rcc.o
                0x0000000008001aa0                HAL_RCC_GetSysClockFreq
 .text.HAL_RCC_GetHCLKFreq
                0x0000000008001bb8       0x18 ./Drivers/STM32L4xx_HAL_Driver/Src/stm32l4xx_hal_rcc.o
                0x0000000008001bb8                HAL_RCC_GetHCLKFreq
 .text.HAL_RCC_GetPCLK1Freq
                0x0000000008001bd0       0x2c ./Drivers/STM32L4xx_HAL_Driver/Src/stm32l4xx_hal_rcc.o
                0x0000000008001bd0                HAL_RCC_GetPCLK1Freq
 .text.HAL_RCC_GetPCLK2Freq
                0x0000000008001bfc       0x2c ./Drivers/STM32L4xx_HAL_Driver/Src/stm32l4xx_hal_rcc.o
                0x0000000008001bfc                HAL_RCC_GetPCLK2Freq
 .text.RCC_SetFlashLatencyFromMSIRange
                0x0000000008001c28       0xc0 ./Drivers/STM32L4xx_HAL_Driver/Src/stm32l4xx_hal_rcc.o
 .text.HAL_RCCEx_PeriphCLKConfig
                0x0000000008001ce8      0x5d4 ./Drivers/STM32L4xx_HAL_Driver/Src/stm32l4xx_hal_rcc_ex.o
                0x0000000008001ce8                HAL_RCCEx_PeriphCLKConfig
 .text.RCCEx_PLLSAI1_Config
                0x00000000080022bc      0x1e8 ./Drivers/STM32L4xx_HAL_Driver/Src/stm32l4xx_hal_rcc_ex.o
 .text.RCCEx_PLLSAI2_Config
                0x00000000080024a4      0x1bc ./Drivers/STM32L4xx_HAL_Driver/Src/stm32l4xx_hal_rcc_ex.o
 .text.HAL_UART_Init
                0x0000000008002660       0x9c ./Drivers/STM32L4xx_HAL_Driver/Src/stm32l4xx_hal_uart.o
                0x0000000008002660                HAL_UART_Init
 .text.UART_SetConfig
                0x00000000080026fc      0x514 ./Drivers/STM32L4xx_HAL_Driver/Src/stm32l4xx_hal_uart.o
                0x00000000080026fc                UART_SetConfig
 .text.UART_AdvFeatureConfig
                0x0000000008002c10      0x144 ./Drivers/STM32L4xx_HAL_Driver/Src/stm32l4xx_hal_uart.o
                0x0000000008002c10                UART_AdvFeatureConfig
 .text.UART_CheckIdleState
                0x0000000008002d54       0x92 ./Drivers/STM32L4xx_HAL_Driver/Src/stm32l4xx_hal_uart.o
                0x0000000008002d54                UART_CheckIdleState
 .text.UART_WaitOnFlagUntilTimeout
                0x0000000008002de6      0x188 ./Drivers/STM32L4xx_HAL_Driver/Src/stm32l4xx_hal_uart.o
                0x0000000008002de6                UART_WaitOnFlagUntilTimeout
 .text.vListInitialise
                0x0000000008002f6e       0x40 ./FreeRTOS/Source/list.o
                0x0000000008002f6e                vListInitialise
 .text.vListInitialiseItem
                0x0000000008002fae       0x1a ./FreeRTOS/Source/list.o
                0x0000000008002fae                vListInitialiseItem
 .text.vListInsert
                0x0000000008002fc8       0x72 ./FreeRTOS/Source/list.o
                0x0000000008002fc8                vListInsert
 .text.uxListRemove
                0x000000000800303a       0x54 ./FreeRTOS/Source/list.o
                0x000000000800303a                uxListRemove
 *fill*         0x000000000800308e        0x2 
 .text.xQueueGenericReset
                0x0000000008003090      0x120 ./FreeRTOS/Source/queue.o
                0x0000000008003090                xQueueGenericReset
 .text.xQueueGenericCreate
                0x00000000080031b0       0x9c ./FreeRTOS/Source/queue.o
                0x00000000080031b0                xQueueGenericCreate
 .text.prvInitialiseNewQueue
                0x000000000800324c       0x46 ./FreeRTOS/Source/queue.o
 *fill*         0x0000000008003292        0x2 
 .text.xQueueReceive
                0x0000000008003294      0x1c0 ./FreeRTOS/Source/queue.o
                0x0000000008003294                xQueueReceive
 .text.prvCopyDataFromQueue
                0x0000000008003454       0x4c ./FreeRTOS/Source/queue.o
 .text.prvUnlockQueue
                0x00000000080034a0       0xa4 ./FreeRTOS/Source/queue.o
 .text.prvIsQueueEmpty
                0x0000000008003544       0x2c ./FreeRTOS/Source/queue.o
 .text.vQueueAddToRegistry
                0x0000000008003570       0x9c ./FreeRTOS/Source/queue.o
                0x0000000008003570                vQueueAddToRegistry
 .text.vQueueWaitForMessageRestricted
                0x000000000800360c       0x68 ./FreeRTOS/Source/queue.o
                0x000000000800360c                vQueueWaitForMessageRestricted
 .text.xTaskCreate
                0x0000000008003674       0x82 ./FreeRTOS/Source/tasks.o
                0x0000000008003674                xTaskCreate
 .text.prvInitialiseNewTask
                0x00000000080036f6      0x148 ./FreeRTOS/Source/tasks.o
 *fill*         0x000000000800383e        0x2 
 .text.prvAddNewTaskToReadyList
                0x0000000008003840      0x12c ./FreeRTOS/Source/tasks.o
 .text.xTaskDelayUntil
                0x000000000800396c       0xfc ./FreeRTOS/Source/tasks.o
                0x000000000800396c                xTaskDelayUntil
 .text.vTaskStartScheduler
                0x0000000008003a68       0xa4 ./FreeRTOS/Source/tasks.o
                0x0000000008003a68                vTaskStartScheduler
 .text.vTaskSuspendAll
                0x0000000008003b0c       0x1c ./FreeRTOS/Source/tasks.o
                0x0000000008003b0c                vTaskSuspendAll
 .text.xTaskResumeAll
                0x0000000008003b28      0x1f8 ./FreeRTOS/Source/tasks.o
                0x0000000008003b28                xTaskResumeAll
 .text.xTaskGetTickCount
                0x0000000008003d20       0x20 ./FreeRTOS/Source/tasks.o
                0x0000000008003d20                xTaskGetTickCount
 .text.xTaskIncrementTick
                0x0000000008003d40      0x22c ./FreeRTOS/Source/tasks.o
                0x0000000008003d40                xTaskIncrementTick
 .text.vTaskSwitchContext
                0x0000000008003f6c      0x100 ./FreeRTOS/Source/tasks.o
                0x0000000008003f6c                vTaskSwitchContext
 .text.vTaskPlaceOnEventList
                0x000000000800406c       0x48 ./FreeRTOS/Source/tasks.o
                0x000000000800406c                vTaskPlaceOnEventList
 .text.vTaskPlaceOnEventListRestricted
                0x00000000080040b4       0x8c ./FreeRTOS/Source/tasks.o
                0x00000000080040b4                vTaskPlaceOnEventListRestricted
 .text.xTaskRemoveFromEventList
                0x0000000008004140      0x1ac ./FreeRTOS/Source/tasks.o
                0x0000000008004140                xTaskRemoveFromEventList
 .text.vTaskInternalSetTimeOutState
                0x00000000080042ec       0x2c ./FreeRTOS/Source/tasks.o
                0x00000000080042ec                vTaskInternalSetTimeOutState
 .text.xTaskCheckForTimeOut
                0x0000000008004318       0xcc ./FreeRTOS/Source/tasks.o
                0x0000000008004318                xTaskCheckForTimeOut
 .text.vTaskMissedYield
                0x00000000080043e4       0x18 ./FreeRTOS/Source/tasks.o
                0x00000000080043e4                vTaskMissedYield
 .text.prvIdleTask
                0x00000000080043fc       0x30 ./FreeRTOS/Source/tasks.o
 .text.prvInitialiseTaskLists
                0x000000000800442c       0x80 ./FreeRTOS/Source/tasks.o
 .text.prvCheckTasksWaitingTermination
                0x00000000080044ac       0x5c ./FreeRTOS/Source/tasks.o
 .text.prvDeleteTCB
                0x0000000008004508       0x20 ./FreeRTOS/Source/tasks.o
 .text.prvResetNextTaskUnblockTime
                0x0000000008004528       0x38 ./FreeRTOS/Source/tasks.o
 .text.xTaskGetSchedulerState
                0x0000000008004560       0x3c ./FreeRTOS/Source/tasks.o
                0x0000000008004560                xTaskGetSchedulerState
 .text.prvAddCurrentTaskToDelayedList
                0x000000000800459c      0x100 ./FreeRTOS/Source/tasks.o
 .text.xTimerCreateTimerTask
                0x000000000800469c       0x64 ./FreeRTOS/Source/timers.o
                0x000000000800469c                xTimerCreateTimerTask
 .text.prvReloadTimer
                0x0000000008004700       0x42 ./FreeRTOS/Source/timers.o
 *fill*         0x0000000008004742        0x2 
 .text.prvProcessExpiredTimer
                0x0000000008004744       0x60 ./FreeRTOS/Source/timers.o
 .text.prvTimerTask
                0x00000000080047a4       0x24 ./FreeRTOS/Source/timers.o
 .text.prvProcessTimerOrBlockTask
                0x00000000080047c8       0x9c ./FreeRTOS/Source/timers.o
 .text.prvGetNextExpireTime
                0x0000000008004864       0x48 ./FreeRTOS/Source/timers.o
 .text.prvSampleTimeNow
                0x00000000080048ac       0x40 ./FreeRTOS/Source/timers.o
 .text.prvInsertTimerInActiveList
                0x00000000080048ec       0x84 ./FreeRTOS/Source/timers.o
 .text.prvProcessReceivedCommands
                0x0000000008004970      0x17c ./FreeRTOS/Source/timers.o
 .text.prvSwitchTimerLists
                0x0000000008004aec       0x4c ./FreeRTOS/Source/timers.o
 .text.prvCheckForValidListAndQueue
                0x0000000008004b38       0x6c ./FreeRTOS/Source/timers.o
 .text.pxPortInitialiseStack
                0x0000000008004ba4       0x68 ./FreeRTOS/Source/portable/GCC/ARM_CM4F/port.o
                0x0000000008004ba4                pxPortInitialiseStack
 .text.prvTaskExitError
                0x0000000008004c0c       0x58 ./FreeRTOS/Source/portable/GCC/ARM_CM4F/port.o
 *fill*         0x0000000008004c64        0xc 
 .text.SVC_Handler
                0x0000000008004c70       0x28 ./FreeRTOS/Source/portable/GCC/ARM_CM4F/port.o
                0x0000000008004c70                SVC_Handler
 .text.prvPortStartFirstTask
                0x0000000008004c98       0x2c ./FreeRTOS/Source/portable/GCC/ARM_CM4F/port.o
 .text.xPortStartScheduler
                0x0000000008004cc4      0x144 ./FreeRTOS/Source/portable/GCC/ARM_CM4F/port.o
                0x0000000008004cc4                xPortStartScheduler
 .text.vPortEnterCritical
                0x0000000008004e08       0x60 ./FreeRTOS/Source/portable/GCC/ARM_CM4F/port.o
                0x0000000008004e08                vPortEnterCritical
 .text.vPortExitCritical
                0x0000000008004e68       0x54 ./FreeRTOS/Source/portable/GCC/ARM_CM4F/port.o
                0x0000000008004e68                vPortExitCritical
 *fill*         0x0000000008004ebc        0x4 
 .text.PendSV_Handler
                0x0000000008004ec0       0x68 ./FreeRTOS/Source/portable/GCC/ARM_CM4F/port.o
                0x0000000008004ec0                PendSV_Handler
 .text.SysTick_Handler
                0x0000000008004f28       0x44 ./FreeRTOS/Source/portable/GCC/ARM_CM4F/port.o
                0x0000000008004f28                SysTick_Handler
 .text.vPortSetupTimerInterrupt
                0x0000000008004f6c       0x48 ./FreeRTOS/Source/portable/GCC/ARM_CM4F/port.o
                0x0000000008004f6c                vPortSetupTimerInterrupt
 .text.vPortEnableVFP
                0x0000000008004fb4       0x18 ./FreeRTOS/Source/portable/GCC/ARM_CM4F/port.o
 .text.pvPortMalloc
                0x0000000008004fcc      0x1c8 ./FreeRTOS/Source/portable/MemMang/heap_4.o
                0x0000000008004fcc                pvPortMalloc
 .text.vPortFree
                0x0000000008005194       0xc4 ./FreeRTOS/Source/portable/MemMang/heap_4.o
                0x0000000008005194                vPortFree
 .text.prvHeapInit
                0x0000000008005258       0xc4 ./FreeRTOS/Source/portable/MemMang/heap_4.o
 .text.prvInsertBlockIntoFreeList
                0x000000000800531c       0xb4 ./FreeRTOS/Source/portable/MemMang/heap_4.o
 .text.__libc_init_array
                0x00000000080053d0       0x48 d:/project/stm32/eclipse/stm32cubeide_1.7.0/stm32cubeide/plugins/com.st.stm32cube.ide.mcu.externaltools.gnu-tools-for-stm32.9-2020-q2-update.win32_2.0.0.202105311346/tools/bin/../lib/gcc/arm-none-eabi/9.3.1/../../../../arm-none-eabi/lib/thumb/v7e-m+fp/hard\libc_nano.a(lib_a-init.o)
                0x00000000080053d0                __libc_init_array
 .text.memcpy   0x0000000008005418       0x1c d:/project/stm32/eclipse/stm32cubeide_1.7.0/stm32cubeide/plugins/com.st.stm32cube.ide.mcu.externaltools.gnu-tools-for-stm32.9-2020-q2-update.win32_2.0.0.202105311346/tools/bin/../lib/gcc/arm-none-eabi/9.3.1/../../../../arm-none-eabi/lib/thumb/v7e-m+fp/hard\libc_nano.a(lib_a-memcpy-stub.o)
                0x0000000008005418                memcpy
 .text.memset   0x0000000008005434       0x10 d:/project/stm32/eclipse/stm32cubeide_1.7.0/stm32cubeide/plugins/com.st.stm32cube.ide.mcu.externaltools.gnu-tools-for-stm32.9-2020-q2-update.win32_2.0.0.202105311346/tools/bin/../lib/gcc/arm-none-eabi/9.3.1/../../../../arm-none-eabi/lib/thumb/v7e-m+fp/hard\libc_nano.a(lib_a-memset.o)
                0x0000000008005434                memset
 *(.glue_7)
 .glue_7        0x0000000008005444        0x0 linker stubs
 *(.glue_7t)
 .glue_7t       0x0000000008005444        0x0 linker stubs
 *(.eh_frame)
 .eh_frame      0x0000000008005444        0x0 d:/project/stm32/eclipse/stm32cubeide_1.7.0/stm32cubeide/plugins/com.st.stm32cube.ide.mcu.externaltools.gnu-tools-for-stm32.9-2020-q2-update.win32_2.0.0.202105311346/tools/bin/../lib/gcc/arm-none-eabi/9.3.1/thumb/v7e-m+fp/hard/crtbegin.o
 *(.init)
 .init          0x0000000008005444        0x4 d:/project/stm32/eclipse/stm32cubeide_1.7.0/stm32cubeide/plugins/com.st.stm32cube.ide.mcu.externaltools.gnu-tools-for-stm32.9-2020-q2-update.win32_2.0.0.202105311346/tools/bin/../lib/gcc/arm-none-eabi/9.3.1/thumb/v7e-m+fp/hard/crti.o
                0x0000000008005444                _init
 .init          0x0000000008005448        0x8 d:/project/stm32/eclipse/stm32cubeide_1.7.0/stm32cubeide/plugins/com.st.stm32cube.ide.mcu.externaltools.gnu-tools-for-stm32.9-2020-q2-update.win32_2.0.0.202105311346/tools/bin/../lib/gcc/arm-none-eabi/9.3.1/thumb/v7e-m+fp/hard/crtn.o
 *(.fini)
 .fini          0x0000000008005450        0x4 d:/project/stm32/eclipse/stm32cubeide_1.7.0/stm32cubeide/plugins/com.st.stm32cube.ide.mcu.externaltools.gnu-tools-for-stm32.9-2020-q2-update.win32_2.0.0.202105311346/tools/bin/../lib/gcc/arm-none-eabi/9.3.1/thumb/v7e-m+fp/hard/crti.o
                0x0000000008005450                _fini
 .fini          0x0000000008005454        0x8 d:/project/stm32/eclipse/stm32cubeide_1.7.0/stm32cubeide/plugins/com.st.stm32cube.ide.mcu.externaltools.gnu-tools-for-stm32.9-2020-q2-update.win32_2.0.0.202105311346/tools/bin/../lib/gcc/arm-none-eabi/9.3.1/thumb/v7e-m+fp/hard/crtn.o
                0x000000000800545c                . = ALIGN (0x4)
                0x000000000800545c                _etext = .

.vfp11_veneer   0x000000000800545c        0x0
 .vfp11_veneer  0x000000000800545c        0x0 linker stubs

.v4_bx          0x000000000800545c        0x0
 .v4_bx         0x000000000800545c        0x0 linker stubs

.iplt           0x000000000800545c        0x0
 .iplt          0x000000000800545c        0x0 d:/project/stm32/eclipse/stm32cubeide_1.7.0/stm32cubeide/plugins/com.st.stm32cube.ide.mcu.externaltools.gnu-tools-for-stm32.9-2020-q2-update.win32_2.0.0.202105311346/tools/bin/../lib/gcc/arm-none-eabi/9.3.1/thumb/v7e-m+fp/hard/crtbegin.o

.rodata         0x000000000800545c       0x70
                0x000000000800545c                . = ALIGN (0x4)
 *(.rodata)
 .rodata        0x000000000800545c        0xf ./Core/Src/main.o
 *fill*         0x000000000800546b        0x1 
 .rodata        0x000000000800546c        0x5 ./FreeRTOS/Source/tasks.o
 *fill*         0x0000000008005471        0x3 
 .rodata        0x0000000008005474        0xd ./FreeRTOS/Source/timers.o
 *(.rodata*)
 *fill*         0x0000000008005481        0x3 
 .rodata.AHBPrescTable
                0x0000000008005484       0x10 ./Core/Src/system_stm32l4xx.o
                0x0000000008005484                AHBPrescTable
 .rodata.APBPrescTable
                0x0000000008005494        0x8 ./Core/Src/system_stm32l4xx.o
                0x0000000008005494                APBPrescTable
 .rodata.MSIRangeTable
                0x000000000800549c       0x30 ./Core/Src/system_stm32l4xx.o
                0x000000000800549c                MSIRangeTable
                0x00000000080054cc                . = ALIGN (0x4)

.ARM.extab      0x00000000080054cc        0x0
                0x00000000080054cc                . = ALIGN (0x4)
 *(.ARM.extab* .gnu.linkonce.armextab.*)
                0x00000000080054cc                . = ALIGN (0x4)

.ARM            0x00000000080054cc        0x8
                0x00000000080054cc                . = ALIGN (0x4)
                0x00000000080054cc                __exidx_start = .
 *(.ARM.exidx*)
 .ARM.exidx     0x00000000080054cc        0x8 d:/project/stm32/eclipse/stm32cubeide_1.7.0/stm32cubeide/plugins/com.st.stm32cube.ide.mcu.externaltools.gnu-tools-for-stm32.9-2020-q2-update.win32_2.0.0.202105311346/tools/bin/../lib/gcc/arm-none-eabi/9.3.1/thumb/v7e-m+fp/hard\libgcc.a(_udivmoddi4.o)
                0x00000000080054d4                __exidx_end = .
                0x00000000080054d4                . = ALIGN (0x4)

.rel.dyn        0x00000000080054d4        0x0
 .rel.iplt      0x00000000080054d4        0x0 d:/project/stm32/eclipse/stm32cubeide_1.7.0/stm32cubeide/plugins/com.st.stm32cube.ide.mcu.externaltools.gnu-tools-for-stm32.9-2020-q2-update.win32_2.0.0.202105311346/tools/bin/../lib/gcc/arm-none-eabi/9.3.1/thumb/v7e-m+fp/hard/crtbegin.o

.preinit_array  0x00000000080054d4        0x0
                0x00000000080054d4                . = ALIGN (0x4)
                0x00000000080054d4                PROVIDE (__preinit_array_start = .)
 *(.preinit_array*)
                0x00000000080054d4                PROVIDE (__preinit_array_end = .)
                0x00000000080054d4                . = ALIGN (0x4)

.init_array     0x00000000080054d4        0x4
                0x00000000080054d4                . = ALIGN (0x4)
                0x00000000080054d4                PROVIDE (__init_array_start = .)
 *(SORT_BY_NAME(.init_array.*))
 *(.init_array*)
 .init_array    0x00000000080054d4        0x4 d:/project/stm32/eclipse/stm32cubeide_1.7.0/stm32cubeide/plugins/com.st.stm32cube.ide.mcu.externaltools.gnu-tools-for-stm32.9-2020-q2-update.win32_2.0.0.202105311346/tools/bin/../lib/gcc/arm-none-eabi/9.3.1/thumb/v7e-m+fp/hard/crtbegin.o
                0x00000000080054d8                PROVIDE (__init_array_end = .)
                0x00000000080054d8                . = ALIGN (0x4)

.fini_array     0x00000000080054d8        0x4
                0x00000000080054d8                . = ALIGN (0x4)
                [!provide]                        PROVIDE (__fini_array_start = .)
 *(SORT_BY_NAME(.fini_array.*))
 *(.fini_array*)
 .fini_array    0x00000000080054d8        0x4 d:/project/stm32/eclipse/stm32cubeide_1.7.0/stm32cubeide/plugins/com.st.stm32cube.ide.mcu.externaltools.gnu-tools-for-stm32.9-2020-q2-update.win32_2.0.0.202105311346/tools/bin/../lib/gcc/arm-none-eabi/9.3.1/thumb/v7e-m+fp/hard/crtbegin.o
                [!provide]                        PROVIDE (__fini_array_end = .)
                0x00000000080054dc                . = ALIGN (0x4)
                0x00000000080054dc                _sidata = LOADADDR (.data)

.data           0x0000000020000000       0x14 load address 0x00000000080054dc
                0x0000000020000000                . = ALIGN (0x4)
                0x0000000020000000                _sdata = .
 *(.data)
 *(.data*)
 .data.SystemCoreClock
                0x0000000020000000        0x4 ./Core/Src/system_stm32l4xx.o
                0x0000000020000000                SystemCoreClock
 .data.uwTickPrio
                0x0000000020000004        0x4 ./Drivers/STM32L4xx_HAL_Driver/Src/stm32l4xx_hal.o
                0x0000000020000004                uwTickPrio
 .data.uwTickFreq
                0x0000000020000008        0x1 ./Drivers/STM32L4xx_HAL_Driver/Src/stm32l4xx_hal.o
                0x0000000020000008                uwTickFreq
 *fill*         0x0000000020000009        0x3 
 .data.uxTopUsedPriority
                0x000000002000000c        0x4 ./FreeRTOS/Source/tasks.o
                0x000000002000000c                uxTopUsedPriority
 .data.uxCriticalNesting
                0x0000000020000010        0x4 ./FreeRTOS/Source/portable/GCC/ARM_CM4F/port.o
 *(.RamFunc)
 *(.RamFunc*)
                0x0000000020000014                . = ALIGN (0x4)
                0x0000000020000014                _edata = .

.igot.plt       0x0000000020000014        0x0 load address 0x00000000080054f0
 .igot.plt      0x0000000020000014        0x0 d:/project/stm32/eclipse/stm32cubeide_1.7.0/stm32cubeide/plugins/com.st.stm32cube.ide.mcu.externaltools.gnu-tools-for-stm32.9-2020-q2-update.win32_2.0.0.202105311346/tools/bin/../lib/gcc/arm-none-eabi/9.3.1/thumb/v7e-m+fp/hard/crtbegin.o
                0x0000000020000014                . = ALIGN (0x4)

.bss            0x0000000020000014    0x12e4c load address 0x00000000080054f0
                0x0000000020000014                _sbss = .
                0x0000000020000014                __bss_start__ = _sbss
 *(.bss)
 .bss           0x0000000020000014       0x1c d:/project/stm32/eclipse/stm32cubeide_1.7.0/stm32cubeide/plugins/com.st.stm32cube.ide.mcu.externaltools.gnu-tools-for-stm32.9-2020-q2-update.win32_2.0.0.202105311346/tools/bin/../lib/gcc/arm-none-eabi/9.3.1/thumb/v7e-m+fp/hard/crtbegin.o
 *(.bss*)
 .bss.pxCurrentTCB
                0x0000000020000030        0x4 ./FreeRTOS/Source/tasks.o
                0x0000000020000030                pxCurrentTCB
 .bss.pxReadyTasksLists
                0x0000000020000034       0x64 ./FreeRTOS/Source/tasks.o
 .bss.xDelayedTaskList1
                0x0000000020000098       0x14 ./FreeRTOS/Source/tasks.o
 .bss.xDelayedTaskList2
                0x00000000200000ac       0x14 ./FreeRTOS/Source/tasks.o
 .bss.pxDelayedTaskList
                0x00000000200000c0        0x4 ./FreeRTOS/Source/tasks.o
 .bss.pxOverflowDelayedTaskList
                0x00000000200000c4        0x4 ./FreeRTOS/Source/tasks.o
 .bss.xPendingReadyList
                0x00000000200000c8       0x14 ./FreeRTOS/Source/tasks.o
 .bss.xTasksWaitingTermination
                0x00000000200000dc       0x14 ./FreeRTOS/Source/tasks.o
 .bss.uxDeletedTasksWaitingCleanUp
                0x00000000200000f0        0x4 ./FreeRTOS/Source/tasks.o
 .bss.xSuspendedTaskList
                0x00000000200000f4       0x14 ./FreeRTOS/Source/tasks.o
 .bss.uxCurrentNumberOfTasks
                0x0000000020000108        0x4 ./FreeRTOS/Source/tasks.o
 .bss.xTickCount
                0x000000002000010c        0x4 ./FreeRTOS/Source/tasks.o
 .bss.uxTopReadyPriority
                0x0000000020000110        0x4 ./FreeRTOS/Source/tasks.o
 .bss.xSchedulerRunning
                0x0000000020000114        0x4 ./FreeRTOS/Source/tasks.o
 .bss.xPendedTicks
                0x0000000020000118        0x4 ./FreeRTOS/Source/tasks.o
 .bss.xYieldPending
                0x000000002000011c        0x4 ./FreeRTOS/Source/tasks.o
 .bss.xNumOfOverflows
                0x0000000020000120        0x4 ./FreeRTOS/Source/tasks.o
 .bss.uxTaskNumber
                0x0000000020000124        0x4 ./FreeRTOS/Source/tasks.o
 .bss.xNextTaskUnblockTime
                0x0000000020000128        0x4 ./FreeRTOS/Source/tasks.o
 .bss.xIdleTaskHandle
                0x000000002000012c        0x4 ./FreeRTOS/Source/tasks.o
 .bss.uxSchedulerSuspended
                0x0000000020000130        0x4 ./FreeRTOS/Source/tasks.o
 .bss.xActiveTimerList1
                0x0000000020000134       0x14 ./FreeRTOS/Source/timers.o
 .bss.xActiveTimerList2
                0x0000000020000148       0x14 ./FreeRTOS/Source/timers.o
 .bss.pxCurrentTimerList
                0x000000002000015c        0x4 ./FreeRTOS/Source/timers.o
 .bss.pxOverflowTimerList
                0x0000000020000160        0x4 ./FreeRTOS/Source/timers.o
 .bss.xTimerQueue
                0x0000000020000164        0x4 ./FreeRTOS/Source/timers.o
 .bss.xTimerTaskHandle
                0x0000000020000168        0x4 ./FreeRTOS/Source/timers.o
 .bss.xLastTime.6907
                0x000000002000016c        0x4 ./FreeRTOS/Source/timers.o
 .bss.ucMaxSysCallPriority
                0x0000000020000170        0x1 ./FreeRTOS/Source/portable/GCC/ARM_CM4F/port.o
 *fill*         0x0000000020000171        0x3 
 .bss.ulMaxPRIGROUPValue
                0x0000000020000174        0x4 ./FreeRTOS/Source/portable/GCC/ARM_CM4F/port.o
 .bss.ucHeap    0x0000000020000178    0x12c00 ./FreeRTOS/Source/portable/MemMang/heap_4.o
 .bss.xStart    0x0000000020012d78        0x8 ./FreeRTOS/Source/portable/MemMang/heap_4.o
 .bss.pxEnd     0x0000000020012d80        0x4 ./FreeRTOS/Source/portable/MemMang/heap_4.o
 .bss.xFreeBytesRemaining
                0x0000000020012d84        0x4 ./FreeRTOS/Source/portable/MemMang/heap_4.o
 .bss.xMinimumEverFreeBytesRemaining
                0x0000000020012d88        0x4 ./FreeRTOS/Source/portable/MemMang/heap_4.o
 .bss.xNumberOfSuccessfulAllocations
                0x0000000020012d8c        0x4 ./FreeRTOS/Source/portable/MemMang/heap_4.o
 .bss.xNumberOfSuccessfulFrees
                0x0000000020012d90        0x4 ./FreeRTOS/Source/portable/MemMang/heap_4.o
 .bss.xBlockAllocatedBit
                0x0000000020012d94        0x4 ./FreeRTOS/Source/portable/MemMang/heap_4.o
 *(COMMON)
 COMMON         0x0000000020012d98       0x84 ./Core/Src/main.o
                0x0000000020012d98                huart2
 COMMON         0x0000000020012e1c        0x4 ./Drivers/STM32L4xx_HAL_Driver/Src/stm32l4xx_hal.o
                0x0000000020012e1c                uwTick
 COMMON         0x0000000020012e20       0x40 ./FreeRTOS/Source/queue.o
                0x0000000020012e20                xQueueRegistry
                0x0000000020012e60                . = ALIGN (0x4)
                0x0000000020012e60                _ebss = .
                0x0000000020012e60                __bss_end__ = _ebss

._user_heap_stack
                0x0000000020012e60      0x600 load address 0x00000000080054f0
                0x0000000020012e60                . = ALIGN (0x8)
                [!provide]                        PROVIDE (end = .)
                0x0000000020012e60                PROVIDE (_end = .)
                0x0000000020013060                . = (. + _Min_Heap_Size)
 *fill*         0x0000000020012e60      0x200 
                0x0000000020013460                . = (. + _Min_Stack_Size)
 *fill*         0x0000000020013060      0x400 
                0x0000000020013460                . = ALIGN (0x8)

/DISCARD/
 libc.a(*)
 libm.a(*)
 libgcc.a(*)

.ARM.attributes
                0x0000000000000000       0x30
 *(.ARM.attributes)
 .ARM.attributes
                0x0000000000000000       0x1e d:/project/stm32/eclipse/stm32cubeide_1.7.0/stm32cubeide/plugins/com.st.stm32cube.ide.mcu.externaltools.gnu-tools-for-stm32.9-2020-q2-update.win32_2.0.0.202105311346/tools/bin/../lib/gcc/arm-none-eabi/9.3.1/thumb/v7e-m+fp/hard/crti.o
 .ARM.attributes
                0x000000000000001e       0x34 d:/project/stm32/eclipse/stm32cubeide_1.7.0/stm32cubeide/plugins/com.st.stm32cube.ide.mcu.externaltools.gnu-tools-for-stm32.9-2020-q2-update.win32_2.0.0.202105311346/tools/bin/../lib/gcc/arm-none-eabi/9.3.1/thumb/v7e-m+fp/hard/crtbegin.o
 .ARM.attributes
                0x0000000000000052       0x34 ./Core/Src/main.o
 .ARM.attributes
                0x0000000000000086       0x34 ./Core/Src/stm32l4xx_hal_msp.o
 .ARM.attributes
                0x00000000000000ba       0x34 ./Core/Src/stm32l4xx_it.o
 .ARM.attributes
                0x00000000000000ee       0x34 ./Core/Src/system_stm32l4xx.o
 .ARM.attributes
                0x0000000000000122       0x21 ./Core/Startup/startup_stm32l476rgtx.o
 .ARM.attributes
                0x0000000000000143       0x34 ./Drivers/STM32L4xx_HAL_Driver/Src/stm32l4xx_hal.o
 .ARM.attributes
                0x0000000000000177       0x34 ./Drivers/STM32L4xx_HAL_Driver/Src/stm32l4xx_hal_cortex.o
 .ARM.attributes
                0x00000000000001ab       0x34 ./Drivers/STM32L4xx_HAL_Driver/Src/stm32l4xx_hal_gpio.o
 .ARM.attributes
                0x00000000000001df       0x34 ./Drivers/STM32L4xx_HAL_Driver/Src/stm32l4xx_hal_pwr_ex.o
 .ARM.attributes
                0x0000000000000213       0x34 ./Drivers/STM32L4xx_HAL_Driver/Src/stm32l4xx_hal_rcc.o
 .ARM.attributes
                0x0000000000000247       0x34 ./Drivers/STM32L4xx_HAL_Driver/Src/stm32l4xx_hal_rcc_ex.o
 .ARM.attributes
                0x000000000000027b       0x34 ./Drivers/STM32L4xx_HAL_Driver/Src/stm32l4xx_hal_uart.o
 .ARM.attributes
                0x00000000000002af       0x34 ./FreeRTOS/Source/list.o
 .ARM.attributes
                0x00000000000002e3       0x34 ./FreeRTOS/Source/queue.o
 .ARM.attributes
                0x0000000000000317       0x34 ./FreeRTOS/Source/tasks.o
 .ARM.attributes
                0x000000000000034b       0x34 ./FreeRTOS/Source/timers.o
 .ARM.attributes
                0x000000000000037f       0x34 ./FreeRTOS/Source/portable/GCC/ARM_CM4F/port.o
 .ARM.attributes
                0x00000000000003b3       0x34 ./FreeRTOS/Source/portable/MemMang/heap_4.o
 .ARM.attributes
                0x00000000000003e7       0x34 d:/project/stm32/eclipse/stm32cubeide_1.7.0/stm32cubeide/plugins/com.st.stm32cube.ide.mcu.externaltools.gnu-tools-for-stm32.9-2020-q2-update.win32_2.0.0.202105311346/tools/bin/../lib/gcc/arm-none-eabi/9.3.1/../../../../arm-none-eabi/lib/thumb/v7e-m+fp/hard\libc_nano.a(lib_a-init.o)
 .ARM.attributes
                0x000000000000041b       0x34 d:/project/stm32/eclipse/stm32cubeide_1.7.0/stm32cubeide/plugins/com.st.stm32cube.ide.mcu.externaltools.gnu-tools-for-stm32.9-2020-q2-update.win32_2.0.0.202105311346/tools/bin/../lib/gcc/arm-none-eabi/9.3.1/../../../../arm-none-eabi/lib/thumb/v7e-m+fp/hard\libc_nano.a(lib_a-memcpy-stub.o)
 .ARM.attributes
                0x000000000000044f       0x34 d:/project/stm32/eclipse/stm32cubeide_1.7.0/stm32cubeide/plugins/com.st.stm32cube.ide.mcu.externaltools.gnu-tools-for-stm32.9-2020-q2-update.win32_2.0.0.202105311346/tools/bin/../lib/gcc/arm-none-eabi/9.3.1/../../../../arm-none-eabi/lib/thumb/v7e-m+fp/hard\libc_nano.a(lib_a-memset.o)
 .ARM.attributes
                0x0000000000000483       0x1e d:/project/stm32/eclipse/stm32cubeide_1.7.0/stm32cubeide/plugins/com.st.stm32cube.ide.mcu.externaltools.gnu-tools-for-stm32.9-2020-q2-update.win32_2.0.0.202105311346/tools/bin/../lib/gcc/arm-none-eabi/9.3.1/thumb/v7e-m+fp/hard\libgcc.a(_aeabi_uldivmod.o)
 .ARM.attributes
                0x00000000000004a1       0x34 d:/project/stm32/eclipse/stm32cubeide_1.7.0/stm32cubeide/plugins/com.st.stm32cube.ide.mcu.externaltools.gnu-tools-for-stm32.9-2020-q2-update.win32_2.0.0.202105311346/tools/bin/../lib/gcc/arm-none-eabi/9.3.1/thumb/v7e-m+fp/hard\libgcc.a(_udivmoddi4.o)
 .ARM.attributes
                0x00000000000004d5       0x1e d:/project/stm32/eclipse/stm32cubeide_1.7.0/stm32cubeide/plugins/com.st.stm32cube.ide.mcu.externaltools.gnu-tools-for-stm32.9-2020-q2-update.win32_2.0.0.202105311346/tools/bin/../lib/gcc/arm-none-eabi/9.3.1/thumb/v7e-m+fp/hard\libgcc.a(_dvmd_tls.o)
 .ARM.attributes
                0x00000000000004f3       0x1e d:/project/stm32/eclipse/stm32cubeide_1.7.0/stm32cubeide/plugins/com.st.stm32cube.ide.mcu.externaltools.gnu-tools-for-stm32.9-2020-q2-update.win32_2.0.0.202105311346/tools/bin/../lib/gcc/arm-none-eabi/9.3.1/thumb/v7e-m+fp/hard/crtn.o
OUTPUT(Freertos_M4F.elf elf32-littlearm)
LOAD linker stubs
LOAD d:/project/stm32/eclipse/stm32cubeide_1.7.0/stm32cubeide/plugins/com.st.stm32cube.ide.mcu.externaltools.gnu-tools-for-stm32.9-2020-q2-update.win32_2.0.0.202105311346/tools/bin/../lib/gcc/arm-none-eabi/9.3.1/../../../../arm-none-eabi/lib/thumb/v7e-m+fp/hard\libc.a
LOAD d:/project/stm32/eclipse/stm32cubeide_1.7.0/stm32cubeide/plugins/com.st.stm32cube.ide.mcu.externaltools.gnu-tools-for-stm32.9-2020-q2-update.win32_2.0.0.202105311346/tools/bin/../lib/gcc/arm-none-eabi/9.3.1/../../../../arm-none-eabi/lib/thumb/v7e-m+fp/hard\libm.a
LOAD d:/project/stm32/eclipse/stm32cubeide_1.7.0/stm32cubeide/plugins/com.st.stm32cube.ide.mcu.externaltools.gnu-tools-for-stm32.9-2020-q2-update.win32_2.0.0.202105311346/tools/bin/../lib/gcc/arm-none-eabi/9.3.1/thumb/v7e-m+fp/hard\libgcc.a

.debug_info     0x0000000000000000    0x13d7b
 .debug_info    0x0000000000000000     0x11b3 ./Core/Src/main.o
 .debug_info    0x00000000000011b3      0xee3 ./Core/Src/stm32l4xx_hal_msp.o
 .debug_info    0x0000000000002096      0x36e ./Core/Src/stm32l4xx_it.o
 .debug_info    0x0000000000002404      0x772 ./Core/Src/system_stm32l4xx.o
 .debug_info    0x0000000000002b76       0x22 ./Core/Startup/startup_stm32l476rgtx.o
 .debug_info    0x0000000000002b98      0xddb ./Drivers/STM32L4xx_HAL_Driver/Src/stm32l4xx_hal.o
 .debug_info    0x0000000000003973     0x102e ./Drivers/STM32L4xx_HAL_Driver/Src/stm32l4xx_hal_cortex.o
 .debug_info    0x00000000000049a1      0xa5e ./Drivers/STM32L4xx_HAL_Driver/Src/stm32l4xx_hal_gpio.o
 .debug_info    0x00000000000053ff      0xc00 ./Drivers/STM32L4xx_HAL_Driver/Src/stm32l4xx_hal_pwr_ex.o
 .debug_info    0x0000000000005fff      0xe37 ./Drivers/STM32L4xx_HAL_Driver/Src/stm32l4xx_hal_rcc.o
 .debug_info    0x0000000000006e36     0x103f ./Drivers/STM32L4xx_HAL_Driver/Src/stm32l4xx_hal_rcc_ex.o
 .debug_info    0x0000000000007e75     0x3e56 ./Drivers/STM32L4xx_HAL_Driver/Src/stm32l4xx_hal_uart.o
 .debug_info    0x000000000000bccb      0xb82 ./FreeRTOS/Source/list.o
 .debug_info    0x000000000000c84d     0x2017 ./FreeRTOS/Source/queue.o
 .debug_info    0x000000000000e864     0x2d76 ./FreeRTOS/Source/tasks.o
 .debug_info    0x00000000000115da     0x150d ./FreeRTOS/Source/timers.o
 .debug_info    0x0000000000012ae7      0x4f1 ./FreeRTOS/Source/portable/GCC/ARM_CM4F/port.o
 .debug_info    0x0000000000012fd8      0xda3 ./FreeRTOS/Source/portable/MemMang/heap_4.o

.debug_abbrev   0x0000000000000000     0x2879
 .debug_abbrev  0x0000000000000000      0x2c6 ./Core/Src/main.o
 .debug_abbrev  0x00000000000002c6      0x1ac ./Core/Src/stm32l4xx_hal_msp.o
 .debug_abbrev  0x0000000000000472       0xf2 ./Core/Src/stm32l4xx_it.o
 .debug_abbrev  0x0000000000000564      0x165 ./Core/Src/system_stm32l4xx.o
 .debug_abbrev  0x00000000000006c9       0x12 ./Core/Startup/startup_stm32l476rgtx.o
 .debug_abbrev  0x00000000000006db      0x227 ./Drivers/STM32L4xx_HAL_Driver/Src/stm32l4xx_hal.o
 .debug_abbrev  0x0000000000000902      0x33c ./Drivers/STM32L4xx_HAL_Driver/Src/stm32l4xx_hal_cortex.o
 .debug_abbrev  0x0000000000000c3e      0x1e8 ./Drivers/STM32L4xx_HAL_Driver/Src/stm32l4xx_hal_gpio.o
 .debug_abbrev  0x0000000000000e26      0x1f3 ./Drivers/STM32L4xx_HAL_Driver/Src/stm32l4xx_hal_pwr_ex.o
 .debug_abbrev  0x0000000000001019      0x275 ./Drivers/STM32L4xx_HAL_Driver/Src/stm32l4xx_hal_rcc.o
 .debug_abbrev  0x000000000000128e      0x268 ./Drivers/STM32L4xx_HAL_Driver/Src/stm32l4xx_hal_rcc_ex.o
 .debug_abbrev  0x00000000000014f6      0x2b3 ./Drivers/STM32L4xx_HAL_Driver/Src/stm32l4xx_hal_uart.o
 .debug_abbrev  0x00000000000017a9      0x1f7 ./FreeRTOS/Source/list.o
 .debug_abbrev  0x00000000000019a0      0x333 ./FreeRTOS/Source/queue.o
 .debug_abbrev  0x0000000000001cd3      0x39a ./FreeRTOS/Source/tasks.o
 .debug_abbrev  0x000000000000206d      0x2ea ./FreeRTOS/Source/timers.o
 .debug_abbrev  0x0000000000002357      0x231 ./FreeRTOS/Source/portable/GCC/ARM_CM4F/port.o
 .debug_abbrev  0x0000000000002588      0x2f1 ./FreeRTOS/Source/portable/MemMang/heap_4.o

.debug_aranges  0x0000000000000000      0xdc8
 .debug_aranges
                0x0000000000000000       0x60 ./Core/Src/main.o
 .debug_aranges
                0x0000000000000060       0x30 ./Core/Src/stm32l4xx_hal_msp.o
 .debug_aranges
                0x0000000000000090       0x50 ./Core/Src/stm32l4xx_it.o
 .debug_aranges
                0x00000000000000e0       0x28 ./Core/Src/system_stm32l4xx.o
 .debug_aranges
                0x0000000000000108       0x28 ./Core/Startup/startup_stm32l476rgtx.o
 .debug_aranges
                0x0000000000000130      0x130 ./Drivers/STM32L4xx_HAL_Driver/Src/stm32l4xx_hal.o
 .debug_aranges
                0x0000000000000260      0x118 ./Drivers/STM32L4xx_HAL_Driver/Src/stm32l4xx_hal_cortex.o
 .debug_aranges
                0x0000000000000378       0x58 ./Drivers/STM32L4xx_HAL_Driver/Src/stm32l4xx_hal_gpio.o
 .debug_aranges
                0x00000000000003d0      0x160 ./Drivers/STM32L4xx_HAL_Driver/Src/stm32l4xx_hal_pwr_ex.o
 .debug_aranges
                0x0000000000000530       0x90 ./Drivers/STM32L4xx_HAL_Driver/Src/stm32l4xx_hal_rcc.o
 .debug_aranges
                0x00000000000005c0       0xc0 ./Drivers/STM32L4xx_HAL_Driver/Src/stm32l4xx_hal_rcc_ex.o
 .debug_aranges
                0x0000000000000680      0x228 ./Drivers/STM32L4xx_HAL_Driver/Src/stm32l4xx_hal_uart.o
 .debug_aranges
                0x00000000000008a8       0x40 ./FreeRTOS/Source/list.o
 .debug_aranges
                0x00000000000008e8      0x130 ./FreeRTOS/Source/queue.o
 .debug_aranges
                0x0000000000000a18      0x1f8 ./FreeRTOS/Source/tasks.o
 .debug_aranges
                0x0000000000000c10       0xe0 ./FreeRTOS/Source/timers.o
 .debug_aranges
                0x0000000000000cf0       0x80 ./FreeRTOS/Source/portable/GCC/ARM_CM4F/port.o
 .debug_aranges
                0x0000000000000d70       0x58 ./FreeRTOS/Source/portable/MemMang/heap_4.o

.debug_ranges   0x0000000000000000      0xce0
 .debug_ranges  0x0000000000000000       0x50 ./Core/Src/main.o
 .debug_ranges  0x0000000000000050       0x20 ./Core/Src/stm32l4xx_hal_msp.o
 .debug_ranges  0x0000000000000070       0x40 ./Core/Src/stm32l4xx_it.o
 .debug_ranges  0x00000000000000b0       0x18 ./Core/Src/system_stm32l4xx.o
 .debug_ranges  0x00000000000000c8       0x20 ./Core/Startup/startup_stm32l476rgtx.o
 .debug_ranges  0x00000000000000e8      0x120 ./Drivers/STM32L4xx_HAL_Driver/Src/stm32l4xx_hal.o
 .debug_ranges  0x0000000000000208      0x108 ./Drivers/STM32L4xx_HAL_Driver/Src/stm32l4xx_hal_cortex.o
 .debug_ranges  0x0000000000000310       0x48 ./Drivers/STM32L4xx_HAL_Driver/Src/stm32l4xx_hal_gpio.o
 .debug_ranges  0x0000000000000358      0x150 ./Drivers/STM32L4xx_HAL_Driver/Src/stm32l4xx_hal_pwr_ex.o
 .debug_ranges  0x00000000000004a8       0x80 ./Drivers/STM32L4xx_HAL_Driver/Src/stm32l4xx_hal_rcc.o
 .debug_ranges  0x0000000000000528       0xb0 ./Drivers/STM32L4xx_HAL_Driver/Src/stm32l4xx_hal_rcc_ex.o
 .debug_ranges  0x00000000000005d8      0x248 ./Drivers/STM32L4xx_HAL_Driver/Src/stm32l4xx_hal_uart.o
 .debug_ranges  0x0000000000000820       0x30 ./FreeRTOS/Source/list.o
 .debug_ranges  0x0000000000000850      0x120 ./FreeRTOS/Source/queue.o
 .debug_ranges  0x0000000000000970      0x1e8 ./FreeRTOS/Source/tasks.o
 .debug_ranges  0x0000000000000b58       0xd0 ./FreeRTOS/Source/timers.o
 .debug_ranges  0x0000000000000c28       0x70 ./FreeRTOS/Source/portable/GCC/ARM_CM4F/port.o
 .debug_ranges  0x0000000000000c98       0x48 ./FreeRTOS/Source/portable/MemMang/heap_4.o

.debug_macro    0x0000000000000000    0x268bd
 .debug_macro   0x0000000000000000      0x26b ./Core/Src/main.o
 .debug_macro   0x000000000000026b      0xaa8 ./Core/Src/main.o
 .debug_macro   0x0000000000000d13      0x1a7 ./Core/Src/main.o
 .debug_macro   0x0000000000000eba       0x2e ./Core/Src/main.o
 .debug_macro   0x0000000000000ee8       0x28 ./Core/Src/main.o
 .debug_macro   0x0000000000000f10       0x22 ./Core/Src/main.o
 .debug_macro   0x0000000000000f32       0x8e ./Core/Src/main.o
 .debug_macro   0x0000000000000fc0       0x51 ./Core/Src/main.o
 .debug_macro   0x0000000000001011      0x103 ./Core/Src/main.o
 .debug_macro   0x0000000000001114       0x6a ./Core/Src/main.o
 .debug_macro   0x000000000000117e      0x1df ./Core/Src/main.o
 .debug_macro   0x000000000000135d       0x1c ./Core/Src/main.o
 .debug_macro   0x0000000000001379       0x22 ./Core/Src/main.o
 .debug_macro   0x000000000000139b      0x101 ./Core/Src/main.o
 .debug_macro   0x000000000000149c     0x1011 ./Core/Src/main.o
 .debug_macro   0x00000000000024ad      0x11f ./Core/Src/main.o
 .debug_macro   0x00000000000025cc    0x1a17a ./Core/Src/main.o
 .debug_macro   0x000000000001c746       0x6d ./Core/Src/main.o
 .debug_macro   0x000000000001c7b3     0x38e6 ./Core/Src/main.o
 .debug_macro   0x0000000000020099      0x174 ./Core/Src/main.o
 .debug_macro   0x000000000002020d       0x5c ./Core/Src/main.o
 .debug_macro   0x0000000000020269     0x159e ./Core/Src/main.o
 .debug_macro   0x0000000000021807      0x5a5 ./Core/Src/main.o
 .debug_macro   0x0000000000021dac      0x1b9 ./Core/Src/main.o
 .debug_macro   0x0000000000021f65      0x18b ./Core/Src/main.o
 .debug_macro   0x00000000000220f0      0x26b ./Core/Src/main.o
 .debug_macro   0x000000000002235b      0x23d ./Core/Src/main.o
 .debug_macro   0x0000000000022598      0x241 ./Core/Src/main.o
 .debug_macro   0x00000000000227d9      0x37c ./Core/Src/main.o
 .debug_macro   0x0000000000022b55       0xd6 ./Core/Src/main.o
 .debug_macro   0x0000000000022c2b      0x22c ./Core/Src/main.o
 .debug_macro   0x0000000000022e57       0x61 ./Core/Src/main.o
 .debug_macro   0x0000000000022eb8       0xa5 ./Core/Src/main.o
 .debug_macro   0x0000000000022f5d      0x122 ./Core/Src/main.o
 .debug_macro   0x000000000002307f      0x3ef ./Core/Src/main.o
 .debug_macro   0x000000000002346e      0x5ba ./Core/Src/main.o
 .debug_macro   0x0000000000023a28       0x44 ./Core/Src/main.o
 .debug_macro   0x0000000000023a6c      0x330 ./Core/Src/main.o
 .debug_macro   0x0000000000023d9c       0x5e ./Core/Src/main.o
 .debug_macro   0x0000000000023dfa      0x106 ./Core/Src/main.o
 .debug_macro   0x0000000000023f00      0x15a ./Core/Src/main.o
 .debug_macro   0x000000000002405a       0xea ./Core/Src/main.o
 .debug_macro   0x0000000000024144       0x28 ./Core/Src/main.o
 .debug_macro   0x000000000002416c       0x1f ./Core/Src/main.o
 .debug_macro   0x000000000002418b       0x12 ./Core/Src/main.o
 .debug_macro   0x000000000002419d      0x50b ./Core/Src/main.o
 .debug_macro   0x00000000000246a8       0xc3 ./Core/Src/main.o
 .debug_macro   0x000000000002476b      0x120 ./Core/Src/main.o
 .debug_macro   0x000000000002488b      0x1d4 ./Core/Src/stm32l4xx_hal_msp.o
 .debug_macro   0x0000000000024a5f      0x24b ./Core/Src/stm32l4xx_it.o
 .debug_macro   0x0000000000024caa      0x1c5 ./Core/Src/system_stm32l4xx.o
 .debug_macro   0x0000000000024e6f      0x213 ./Drivers/STM32L4xx_HAL_Driver/Src/stm32l4xx_hal.o
 .debug_macro   0x0000000000025082      0x1c5 ./Drivers/STM32L4xx_HAL_Driver/Src/stm32l4xx_hal_cortex.o
 .debug_macro   0x0000000000025247      0x1cc ./Drivers/STM32L4xx_HAL_Driver/Src/stm32l4xx_hal_gpio.o
 .debug_macro   0x0000000000025413      0x1e9 ./Drivers/STM32L4xx_HAL_Driver/Src/stm32l4xx_hal_pwr_ex.o
 .debug_macro   0x00000000000255fc      0x207 ./Drivers/STM32L4xx_HAL_Driver/Src/stm32l4xx_hal_rcc.o
 .debug_macro   0x0000000000025803      0x1fb ./Drivers/STM32L4xx_HAL_Driver/Src/stm32l4xx_hal_rcc_ex.o
 .debug_macro   0x00000000000259fe      0x1f0 ./Drivers/STM32L4xx_HAL_Driver/Src/stm32l4xx_hal_uart.o
 .debug_macro   0x0000000000025bee      0x198 ./FreeRTOS/Source/list.o
 .debug_macro   0x0000000000025d86      0x221 ./FreeRTOS/Source/queue.o
 .debug_macro   0x0000000000025fa7       0x16 ./FreeRTOS/Source/queue.o
 .debug_macro   0x0000000000025fbd       0x20 ./FreeRTOS/Source/queue.o
 .debug_macro   0x0000000000025fdd       0x80 ./FreeRTOS/Source/queue.o
 .debug_macro   0x000000000002605d      0x27e ./FreeRTOS/Source/tasks.o
 .debug_macro   0x00000000000262db       0x16 ./FreeRTOS/Source/tasks.o
 .debug_macro   0x00000000000262f1      0x1e7 ./FreeRTOS/Source/timers.o
 .debug_macro   0x00000000000264d8       0x97 ./FreeRTOS/Source/timers.o
 .debug_macro   0x000000000002656f      0x19b ./FreeRTOS/Source/portable/GCC/ARM_CM4F/port.o
 .debug_macro   0x000000000002670a      0x1b3 ./FreeRTOS/Source/portable/MemMang/heap_4.o

.debug_line     0x0000000000000000    0x107e7
 .debug_line    0x0000000000000000      0x9a4 ./Core/Src/main.o
 .debug_line    0x00000000000009a4      0x7a2 ./Core/Src/stm32l4xx_hal_msp.o
 .debug_line    0x0000000000001146      0x8b3 ./Core/Src/stm32l4xx_it.o
 .debug_line    0x00000000000019f9      0x7d8 ./Core/Src/system_stm32l4xx.o
 .debug_line    0x00000000000021d1       0x88 ./Core/Startup/startup_stm32l476rgtx.o
 .debug_line    0x0000000000002259      0xb33 ./Drivers/STM32L4xx_HAL_Driver/Src/stm32l4xx_hal.o
 .debug_line    0x0000000000002d8c      0xcd9 ./Drivers/STM32L4xx_HAL_Driver/Src/stm32l4xx_hal_cortex.o
 .debug_line    0x0000000000003a65      0xba6 ./Drivers/STM32L4xx_HAL_Driver/Src/stm32l4xx_hal_gpio.o
 .debug_line    0x000000000000460b      0xd1e ./Drivers/STM32L4xx_HAL_Driver/Src/stm32l4xx_hal_pwr_ex.o
 .debug_line    0x0000000000005329      0xfab ./Drivers/STM32L4xx_HAL_Driver/Src/stm32l4xx_hal_rcc.o
 .debug_line    0x00000000000062d4     0x14eb ./Drivers/STM32L4xx_HAL_Driver/Src/stm32l4xx_hal_rcc_ex.o
 .debug_line    0x00000000000077bf     0x32af ./Drivers/STM32L4xx_HAL_Driver/Src/stm32l4xx_hal_uart.o
 .debug_line    0x000000000000aa6e      0x81f ./FreeRTOS/Source/list.o
 .debug_line    0x000000000000b28d     0x1748 ./FreeRTOS/Source/queue.o
 .debug_line    0x000000000000c9d5     0x1e7d ./FreeRTOS/Source/tasks.o
 .debug_line    0x000000000000e852      0xd28 ./FreeRTOS/Source/timers.o
 .debug_line    0x000000000000f57a      0x7fc ./FreeRTOS/Source/portable/GCC/ARM_CM4F/port.o
 .debug_line    0x000000000000fd76      0xa71 ./FreeRTOS/Source/portable/MemMang/heap_4.o

.debug_str      0x0000000000000000    0xf1c02
 .debug_str     0x0000000000000000    0xe8663 ./Core/Src/main.o
                                      0xe8a45 (size before relaxing)
 .debug_str     0x00000000000e8663      0x2b0 ./Core/Src/stm32l4xx_hal_msp.o
                                      0xe3504 (size before relaxing)
 .debug_str     0x00000000000e8913       0xa7 ./Core/Src/stm32l4xx_it.o
                                      0xe7c84 (size before relaxing)
 .debug_str     0x00000000000e89ba       0xb8 ./Core/Src/system_stm32l4xx.o
                                      0xe2d2f (size before relaxing)
 .debug_str     0x00000000000e8a72       0x36 ./Core/Startup/startup_stm32l476rgtx.o
                                         0x80 (size before relaxing)
 .debug_str     0x00000000000e8aa8      0x627 ./Drivers/STM32L4xx_HAL_Driver/Src/stm32l4xx_hal.o
                                      0xe389a (size before relaxing)
 .debug_str     0x00000000000e90cf      0x389 ./Drivers/STM32L4xx_HAL_Driver/Src/stm32l4xx_hal_cortex.o
                                      0xe359e (size before relaxing)
 .debug_str     0x00000000000e9458      0x161 ./Drivers/STM32L4xx_HAL_Driver/Src/stm32l4xx_hal_gpio.o
                                      0xe2ef4 (size before relaxing)
 .debug_str     0x00000000000e95b9      0x4ef ./Drivers/STM32L4xx_HAL_Driver/Src/stm32l4xx_hal_pwr_ex.o
                                      0xe32a0 (size before relaxing)
 .debug_str     0x00000000000e9aa8      0x36b ./Drivers/STM32L4xx_HAL_Driver/Src/stm32l4xx_hal_rcc.o
                                      0xe3329 (size before relaxing)
 .debug_str     0x00000000000e9e13      0x3a6 ./Drivers/STM32L4xx_HAL_Driver/Src/stm32l4xx_hal_rcc_ex.o
                                      0xe349d (size before relaxing)
 .debug_str     0x00000000000ea1b9      0x8cf ./Drivers/STM32L4xx_HAL_Driver/Src/stm32l4xx_hal_uart.o
                                      0xe39b1 (size before relaxing)
 .debug_str     0x00000000000eaa88     0x3387 ./FreeRTOS/Source/list.o
                                       0xb14c (size before relaxing)
 .debug_str     0x00000000000ede0f     0x1053 ./FreeRTOS/Source/queue.o
                                       0xd423 (size before relaxing)
 .debug_str     0x00000000000eee62     0x1d5a ./FreeRTOS/Source/tasks.o
                                       0xe2d2 (size before relaxing)
 .debug_str     0x00000000000f0bbc      0x557 ./FreeRTOS/Source/timers.o
                                       0xd832 (size before relaxing)
 .debug_str     0x00000000000f1113      0x7e3 ./FreeRTOS/Source/portable/GCC/ARM_CM4F/port.o
                                       0x980a (size before relaxing)
 .debug_str     0x00000000000f18f6      0x30c ./FreeRTOS/Source/portable/MemMang/heap_4.o
                                       0xc5e3 (size before relaxing)

.comment        0x0000000000000000       0x53
 .comment       0x0000000000000000       0x53 ./Core/Src/main.o
                                         0x54 (size before relaxing)
 .comment       0x0000000000000053       0x54 ./Core/Src/stm32l4xx_hal_msp.o
 .comment       0x0000000000000053       0x54 ./Core/Src/stm32l4xx_it.o
 .comment       0x0000000000000053       0x54 ./Core/Src/system_stm32l4xx.o
 .comment       0x0000000000000053       0x54 ./Drivers/STM32L4xx_HAL_Driver/Src/stm32l4xx_hal.o
 .comment       0x0000000000000053       0x54 ./Drivers/STM32L4xx_HAL_Driver/Src/stm32l4xx_hal_cortex.o
 .comment       0x0000000000000053       0x54 ./Drivers/STM32L4xx_HAL_Driver/Src/stm32l4xx_hal_gpio.o
 .comment       0x0000000000000053       0x54 ./Drivers/STM32L4xx_HAL_Driver/Src/stm32l4xx_hal_pwr_ex.o
 .comment       0x0000000000000053       0x54 ./Drivers/STM32L4xx_HAL_Driver/Src/stm32l4xx_hal_rcc.o
 .comment       0x0000000000000053       0x54 ./Drivers/STM32L4xx_HAL_Driver/Src/stm32l4xx_hal_rcc_ex.o
 .comment       0x0000000000000053       0x54 ./Drivers/STM32L4xx_HAL_Driver/Src/stm32l4xx_hal_uart.o
 .comment       0x0000000000000053       0x54 ./FreeRTOS/Source/list.o
 .comment       0x0000000000000053       0x54 ./FreeRTOS/Source/queue.o
 .comment       0x0000000000000053       0x54 ./FreeRTOS/Source/tasks.o
 .comment       0x0000000000000053       0x54 ./FreeRTOS/Source/timers.o
 .comment       0x0000000000000053       0x54 ./FreeRTOS/Source/portable/GCC/ARM_CM4F/port.o
 .comment       0x0000000000000053       0x54 ./FreeRTOS/Source/portable/MemMang/heap_4.o

.debug_frame    0x0000000000000000     0x37c0
 .debug_frame   0x0000000000000000      0x124 ./Core/Src/main.o
 .debug_frame   0x0000000000000124       0x84 ./Core/Src/stm32l4xx_hal_msp.o
 .debug_frame   0x00000000000001a8       0xc4 ./Core/Src/stm32l4xx_it.o
 .debug_frame   0x000000000000026c       0x58 ./Core/Src/system_stm32l4xx.o
 .debug_frame   0x00000000000002c4      0x498 ./Drivers/STM32L4xx_HAL_Driver/Src/stm32l4xx_hal.o
 .debug_frame   0x000000000000075c      0x498 ./Drivers/STM32L4xx_HAL_Driver/Src/stm32l4xx_hal_cortex.o
 .debug_frame   0x0000000000000bf4      0x14c ./Drivers/STM32L4xx_HAL_Driver/Src/stm32l4xx_hal_gpio.o
 .debug_frame   0x0000000000000d40      0x584 ./Drivers/STM32L4xx_HAL_Driver/Src/stm32l4xx_hal_pwr_ex.o
 .debug_frame   0x00000000000012c4      0x21c ./Drivers/STM32L4xx_HAL_Driver/Src/stm32l4xx_hal_rcc.o
 .debug_frame   0x00000000000014e0      0x2fc ./Drivers/STM32L4xx_HAL_Driver/Src/stm32l4xx_hal_rcc_ex.o
 .debug_frame   0x00000000000017dc      0x9ec ./Drivers/STM32L4xx_HAL_Driver/Src/stm32l4xx_hal_uart.o
 .debug_frame   0x00000000000021c8       0xd8 ./FreeRTOS/Source/list.o
 .debug_frame   0x00000000000022a0      0x534 ./FreeRTOS/Source/queue.o
 .debug_frame   0x00000000000027d4      0x8a0 ./FreeRTOS/Source/tasks.o
 .debug_frame   0x0000000000003074      0x3a4 ./FreeRTOS/Source/timers.o
 .debug_frame   0x0000000000003418      0x1a8 ./FreeRTOS/Source/portable/GCC/ARM_CM4F/port.o
 .debug_frame   0x00000000000035c0      0x12c ./FreeRTOS/Source/portable/MemMang/heap_4.o
 .debug_frame   0x00000000000036ec       0x2c d:/project/stm32/eclipse/stm32cubeide_1.7.0/stm32cubeide/plugins/com.st.stm32cube.ide.mcu.externaltools.gnu-tools-for-stm32.9-2020-q2-update.win32_2.0.0.202105311346/tools/bin/../lib/gcc/arm-none-eabi/9.3.1/../../../../arm-none-eabi/lib/thumb/v7e-m+fp/hard\libc_nano.a(lib_a-init.o)
 .debug_frame   0x0000000000003718       0x28 d:/project/stm32/eclipse/stm32cubeide_1.7.0/stm32cubeide/plugins/com.st.stm32cube.ide.mcu.externaltools.gnu-tools-for-stm32.9-2020-q2-update.win32_2.0.0.202105311346/tools/bin/../lib/gcc/arm-none-eabi/9.3.1/../../../../arm-none-eabi/lib/thumb/v7e-m+fp/hard\libc_nano.a(lib_a-memcpy-stub.o)
 .debug_frame   0x0000000000003740       0x20 d:/project/stm32/eclipse/stm32cubeide_1.7.0/stm32cubeide/plugins/com.st.stm32cube.ide.mcu.externaltools.gnu-tools-for-stm32.9-2020-q2-update.win32_2.0.0.202105311346/tools/bin/../lib/gcc/arm-none-eabi/9.3.1/../../../../arm-none-eabi/lib/thumb/v7e-m+fp/hard\libc_nano.a(lib_a-memset.o)
 .debug_frame   0x0000000000003760       0x2c d:/project/stm32/eclipse/stm32cubeide_1.7.0/stm32cubeide/plugins/com.st.stm32cube.ide.mcu.externaltools.gnu-tools-for-stm32.9-2020-q2-update.win32_2.0.0.202105311346/tools/bin/../lib/gcc/arm-none-eabi/9.3.1/thumb/v7e-m+fp/hard\libgcc.a(_aeabi_uldivmod.o)
 .debug_frame   0x000000000000378c       0x34 d:/project/stm32/eclipse/stm32cubeide_1.7.0/stm32cubeide/plugins/com.st.stm32cube.ide.mcu.externaltools.gnu-tools-for-stm32.9-2020-q2-update.win32_2.0.0.202105311346/tools/bin/../lib/gcc/arm-none-eabi/9.3.1/thumb/v7e-m+fp/hard\libgcc.a(_udivmoddi4.o)
